// Jest Snapshot v1, https://goo.gl/fbAQLP

exports[`NAV should match the snapshot 1`] = `
ShallowWrapper {
  "length": 1,
  Symbol(enzyme.__root__): [Circular],
  Symbol(enzyme.__unrendered__): <Nav />,
  Symbol(enzyme.__renderer__): Object {
    "batchedUpdates": [Function],
    "getNode": [Function],
    "render": [Function],
    "simulateEvent": [Function],
    "unmount": [Function],
  },
  Symbol(enzyme.__node__): Object {
    "instance": null,
    "key": undefined,
    "nodeType": "host",
    "props": Object {
      "children": Array [
        <NavLink
          activeClassName="active"
          ariaCurrent="true"
          to="/people"
>
          <button
                    onClick={[Function]}
          >
                    People
          </button>
</NavLink>,
        <NavLink
          activeClassName="active"
          ariaCurrent="true"
          to="/planets"
>
          <button
                    onClick={[Function]}
          >
                    Planets
          </button>
</NavLink>,
        <NavLink
          activeClassName="active"
          ariaCurrent="true"
          to="/vehicles"
>
          <button
                    onClick={[Function]}
          >
                    Vehicles
          </button>
</NavLink>,
      ],
    },
    "ref": null,
    "rendered": Array [
      Object {
        "instance": null,
        "key": undefined,
        "nodeType": "function",
        "props": Object {
          "activeClassName": "active",
          "ariaCurrent": "true",
          "children": <button
            onClick={[Function]}
>
            People
</button>,
          "to": "/people",
        },
        "ref": null,
        "rendered": Object {
          "instance": null,
          "key": undefined,
          "nodeType": "host",
          "props": Object {
            "children": "People",
            "onClick": [Function],
          },
          "ref": null,
          "rendered": "People",
          "type": "button",
        },
        "type": [Function],
      },
      Object {
        "instance": null,
        "key": undefined,
        "nodeType": "function",
        "props": Object {
          "activeClassName": "active",
          "ariaCurrent": "true",
          "children": <button
            onClick={[Function]}
>
            Planets
</button>,
          "to": "/planets",
        },
        "ref": null,
        "rendered": Object {
          "instance": null,
          "key": undefined,
          "nodeType": "host",
          "props": Object {
            "children": "Planets",
            "onClick": [Function],
          },
          "ref": null,
          "rendered": "Planets",
          "type": "button",
        },
        "type": [Function],
      },
      Object {
        "instance": null,
        "key": undefined,
        "nodeType": "function",
        "props": Object {
          "activeClassName": "active",
          "ariaCurrent": "true",
          "children": <button
            onClick={[Function]}
>
            Vehicles
</button>,
          "to": "/vehicles",
        },
        "ref": null,
        "rendered": Object {
          "instance": null,
          "key": undefined,
          "nodeType": "host",
          "props": Object {
            "children": "Vehicles",
            "onClick": [Function],
          },
          "ref": null,
          "rendered": "Vehicles",
          "type": "button",
        },
        "type": [Function],
      },
    ],
    "type": "nav",
  },
  Symbol(enzyme.__nodes__): Array [
    Object {
      "instance": null,
      "key": undefined,
      "nodeType": "host",
      "props": Object {
        "children": Array [
          <NavLink
            activeClassName="active"
            ariaCurrent="true"
            to="/people"
>
            <button
                        onClick={[Function]}
            >
                        People
            </button>
</NavLink>,
          <NavLink
            activeClassName="active"
            ariaCurrent="true"
            to="/planets"
>
            <button
                        onClick={[Function]}
            >
                        Planets
            </button>
</NavLink>,
          <NavLink
            activeClassName="active"
            ariaCurrent="true"
            to="/vehicles"
>
            <button
                        onClick={[Function]}
            >
                        Vehicles
            </button>
</NavLink>,
        ],
      },
      "ref": null,
      "rendered": Array [
        Object {
          "instance": null,
          "key": undefined,
          "nodeType": "function",
          "props": Object {
            "activeClassName": "active",
            "ariaCurrent": "true",
            "children": <button
              onClick={[Function]}
>
              People
</button>,
            "to": "/people",
          },
          "ref": null,
          "rendered": Object {
            "instance": null,
            "key": undefined,
            "nodeType": "host",
            "props": Object {
              "children": "People",
              "onClick": [Function],
            },
            "ref": null,
            "rendered": "People",
            "type": "button",
          },
          "type": [Function],
        },
        Object {
          "instance": null,
          "key": undefined,
          "nodeType": "function",
          "props": Object {
            "activeClassName": "active",
            "ariaCurrent": "true",
            "children": <button
              onClick={[Function]}
>
              Planets
</button>,
            "to": "/planets",
          },
          "ref": null,
          "rendered": Object {
            "instance": null,
            "key": undefined,
            "nodeType": "host",
            "props": Object {
              "children": "Planets",
              "onClick": [Function],
            },
            "ref": null,
            "rendered": "Planets",
            "type": "button",
          },
          "type": [Function],
        },
        Object {
          "instance": null,
          "key": undefined,
          "nodeType": "function",
          "props": Object {
            "activeClassName": "active",
            "ariaCurrent": "true",
            "children": <button
              onClick={[Function]}
>
              Vehicles
</button>,
            "to": "/vehicles",
          },
          "ref": null,
          "rendered": Object {
            "instance": null,
            "key": undefined,
            "nodeType": "host",
            "props": Object {
              "children": "Vehicles",
              "onClick": [Function],
            },
            "ref": null,
            "rendered": "Vehicles",
            "type": "button",
          },
          "type": [Function],
        },
      ],
      "type": "nav",
    },
  ],
  Symbol(enzyme.__options__): Object {
    "adapter": ReactSixteenAdapter {
      "options": Object {
        "enableComponentDidUpdateOnSetState": true,
      },
    },
  },
}
`;
