// Jest Snapshot v1, https://goo.gl/fbAQLP

exports[`APP should match the snapshot 1`] = `
ShallowWrapper {
  "length": 1,
  Symbol(enzyme.__root__): [Circular],
  Symbol(enzyme.__unrendered__): <App />,
  Symbol(enzyme.__renderer__): Object {
    "batchedUpdates": [Function],
    "getNode": [Function],
    "render": [Function],
    "simulateEvent": [Function],
    "unmount": [Function],
  },
  Symbol(enzyme.__node__): Object {
    "instance": null,
    "key": undefined,
    "nodeType": "host",
    "props": Object {
      "children": Array [
        <header>
          <h1
                    className="swapi-title"
          >
                    SWAPI BOX
          </h1>
          <NavLink
                    activeClassName="active"
                    ariaCurrent="true"
                    to="/favorites"
          >
                    <button
                              className="faves"
                    >
                              Favorites
                              <div
                                        className="fave-count"
                              />
                    </button>
          </NavLink>
</header>,
        <Nav
          getData={[Function]}
/>,
        <Main
          favorites={Array []}
          film={Object {}}
          people={Array []}
          planets={Array []}
          saveFavorite={[Function]}
          vehicles={Array []}
/>,
      ],
      "className": "app",
    },
    "ref": null,
    "rendered": Array [
      Object {
        "instance": null,
        "key": undefined,
        "nodeType": "host",
        "props": Object {
          "children": Array [
            <h1
              className="swapi-title"
>
              SWAPI BOX
</h1>,
            <NavLink
              activeClassName="active"
              ariaCurrent="true"
              to="/favorites"
>
              <button
                            className="faves"
              >
                            Favorites
                            <div
                                          className="fave-count"
                            />
              </button>
</NavLink>,
          ],
        },
        "ref": null,
        "rendered": Array [
          Object {
            "instance": null,
            "key": undefined,
            "nodeType": "host",
            "props": Object {
              "children": "SWAPI BOX",
              "className": "swapi-title",
            },
            "ref": null,
            "rendered": "SWAPI BOX",
            "type": "h1",
          },
          Object {
            "instance": null,
            "key": undefined,
            "nodeType": "function",
            "props": Object {
              "activeClassName": "active",
              "ariaCurrent": "true",
              "children": <button
                className="faves"
>
                Favorites
                <div
                                className="fave-count"
                />
</button>,
              "to": "/favorites",
            },
            "ref": null,
            "rendered": Object {
              "instance": null,
              "key": undefined,
              "nodeType": "host",
              "props": Object {
                "children": Array [
                  "Favorites",
                  <div
                    className="fave-count"
/>,
                ],
                "className": "faves",
              },
              "ref": null,
              "rendered": Array [
                "Favorites",
                Object {
                  "instance": null,
                  "key": undefined,
                  "nodeType": "host",
                  "props": Object {
                    "children": 0,
                    "className": "fave-count",
                  },
                  "ref": null,
                  "rendered": 0,
                  "type": "div",
                },
              ],
              "type": "button",
            },
            "type": [Function],
          },
        ],
        "type": "header",
      },
      Object {
        "instance": null,
        "key": undefined,
        "nodeType": "function",
        "props": Object {
          "getData": [Function],
        },
        "ref": null,
        "rendered": null,
        "type": [Function],
      },
      Object {
        "instance": null,
        "key": undefined,
        "nodeType": "function",
        "props": Object {
          "favorites": Array [],
          "film": Object {},
          "people": Array [],
          "planets": Array [],
          "saveFavorite": [Function],
          "vehicles": Array [],
        },
        "ref": null,
        "rendered": null,
        "type": [Function],
      },
    ],
    "type": "div",
  },
  Symbol(enzyme.__nodes__): Array [
    Object {
      "instance": null,
      "key": undefined,
      "nodeType": "host",
      "props": Object {
        "children": Array [
          <header>
            <h1
                        className="swapi-title"
            >
                        SWAPI BOX
            </h1>
            <NavLink
                        activeClassName="active"
                        ariaCurrent="true"
                        to="/favorites"
            >
                        <button
                                    className="faves"
                        >
                                    Favorites
                                    <div
                                                className="fave-count"
                                    />
                        </button>
            </NavLink>
</header>,
          <Nav
            getData={[Function]}
/>,
          <Main
            favorites={Array []}
            film={Object {}}
            people={Array []}
            planets={Array []}
            saveFavorite={[Function]}
            vehicles={Array []}
/>,
        ],
        "className": "app",
      },
      "ref": null,
      "rendered": Array [
        Object {
          "instance": null,
          "key": undefined,
          "nodeType": "host",
          "props": Object {
            "children": Array [
              <h1
                className="swapi-title"
>
                SWAPI BOX
</h1>,
              <NavLink
                activeClassName="active"
                ariaCurrent="true"
                to="/favorites"
>
                <button
                                className="faves"
                >
                                Favorites
                                <div
                                                className="fave-count"
                                />
                </button>
</NavLink>,
            ],
          },
          "ref": null,
          "rendered": Array [
            Object {
              "instance": null,
              "key": undefined,
              "nodeType": "host",
              "props": Object {
                "children": "SWAPI BOX",
                "className": "swapi-title",
              },
              "ref": null,
              "rendered": "SWAPI BOX",
              "type": "h1",
            },
            Object {
              "instance": null,
              "key": undefined,
              "nodeType": "function",
              "props": Object {
                "activeClassName": "active",
                "ariaCurrent": "true",
                "children": <button
                  className="faves"
>
                  Favorites
                  <div
                                    className="fave-count"
                  />
</button>,
                "to": "/favorites",
              },
              "ref": null,
              "rendered": Object {
                "instance": null,
                "key": undefined,
                "nodeType": "host",
                "props": Object {
                  "children": Array [
                    "Favorites",
                    <div
                      className="fave-count"
/>,
                  ],
                  "className": "faves",
                },
                "ref": null,
                "rendered": Array [
                  "Favorites",
                  Object {
                    "instance": null,
                    "key": undefined,
                    "nodeType": "host",
                    "props": Object {
                      "children": 0,
                      "className": "fave-count",
                    },
                    "ref": null,
                    "rendered": 0,
                    "type": "div",
                  },
                ],
                "type": "button",
              },
              "type": [Function],
            },
          ],
          "type": "header",
        },
        Object {
          "instance": null,
          "key": undefined,
          "nodeType": "function",
          "props": Object {
            "getData": [Function],
          },
          "ref": null,
          "rendered": null,
          "type": [Function],
        },
        Object {
          "instance": null,
          "key": undefined,
          "nodeType": "function",
          "props": Object {
            "favorites": Array [],
            "film": Object {},
            "people": Array [],
            "planets": Array [],
            "saveFavorite": [Function],
            "vehicles": Array [],
          },
          "ref": null,
          "rendered": null,
          "type": [Function],
        },
      ],
      "type": "div",
    },
  ],
  Symbol(enzyme.__options__): Object {
    "adapter": ReactSixteenAdapter {
      "options": Object {
        "enableComponentDidUpdateOnSetState": true,
      },
    },
  },
}
`;
